// Jest Snapshot v1, https://goo.gl/fbAQLP

exports[`<ManageSubscriptions /> Renders correctly in various states navigates when url is fetched correctly 1`] = `
<div>
  <div
    class="d-flex justify-content-center align-items-center flex-column"
    style="height: 50vh;"
  >
    <div
      class="spinner-border text-primary"
      role="status"
    >
      <span
        class="sr-only"
      >
        Loading manage subscriptions...
      </span>
    </div>
  </div>
</div>
`;

exports[`<ManageSubscriptions /> Renders correctly in various states renders error ui when fetching url fails 1`] = `
<div
  class="container-fluid d-flex py-5 justify-content-center align-items-start text-center"
>
  <div
    class="py-5 text-gray-700"
    style="max-width: 32em;"
  >
    <h3
      class="text-gray-700 mb-3"
    >
      Something went wrong
    </h3>
    <p
      class="lead"
    >
      The page you’re looking for is unavailable or there was an error. Visit the 
      <i
        class="text-lowercase"
      >
        Orders and subscriptions
      </i>
       page to manage your subscription.
    </p>
    <p>
      If this problem persists, 
      <a
        class="pgn__hyperlink default-link standalone-link"
        href="http://localhost:18000/support/hc/requests/new"
        target="_self"
      >
        contact support
      </a>
      .
    </p>
    <a
      class="btn btn-primary btn-sm"
      href="/orders"
    >
      Orders and subscriptions
    </a>
  </div>
</div>
`;

exports[`<ManageSubscriptions /> Renders correctly in various states renders loading when url is being fetched 1`] = `
<div>
  <div
    class="d-flex justify-content-center align-items-center flex-column"
    style="height: 50vh;"
  >
    <div
      class="spinner-border text-primary"
      role="status"
    >
      <span
        class="sr-only"
      >
        Loading manage subscriptions...
      </span>
    </div>
  </div>
</div>
`;
