// Jest Snapshot v1, https://goo.gl/fbAQLP

exports[`<Subscriptions /> Renders correctly in various states renders with subscriptions 1`] = `
<section>
  <h2>
    Subscriptions
  </h2>
  <div
    className="section flex-md-row align-items-start align-items-md-center justify-content-between"
  >
    <span
      className="text-dark-900"
    >
      To view your receipts, change your payment method or cancel your subscription, click 
      <i>
        Manage my subscriptions
      </i>
      .
    </span>
    <button
      aria-disabled={false}
      aria-live="assertive"
      className="pgn__stateful-btn pgn__stateful-btn-state-default text-nowrap btn btn-primary btn-sm"
      disabled={false}
      onClick={[Function]}
      type="button"
    >
      <span
        className="d-flex align-items-center justify-content-center"
      >
        <span>
          Manage my subscriptions
        </span>
      </span>
      <span
        className="pgn__icon pgn__icon__sm btn-icon-after"
      >
        <svg
          aria-hidden={true}
          fill="none"
          focusable={false}
          height={24}
          role="img"
          viewBox="0 0 24 24"
          width={24}
          xmlns="http://www.w3.org/2000/svg"
        >
          <path
            d="M19 19H5V5h7V3H3v18h18v-9h-2v7zM14 3v2h3.59l-9.83 9.83 1.41 1.41L19 6.41V10h2V3h-7z"
            fill="currentColor"
          />
        </svg>
      </span>
    </button>
  </div>
  <div
    className="section section-gap-lg"
  >
    <a
      className="pgn__hyperlink default-link standalone-link"
      href="http://localhost:18000/dashboard/programs/a87e5eac-3c93-45a1-a8e1-4c79ca8401c8"
      onClick={[Function]}
      target="_self"
    >
      <div
        className="bg-light-200 p-3 pgn__card pgn__card-light card"
        tabIndex={-1}
      >
        <div
          className="section flex-column-reverse flex-sm-row align-items-start align-items-sm-center"
        >
          <h3
            className="text-info-500 m-0"
          >
            Blockchain Fundamentals
          </h3>
          <span
            className="text-capitalize badge badge-light"
          >
            trial
          </span>
        </div>
        <p
          className="small text-gray-500 m-0"
        >
          University of California, Berkeley
        </p>
      </div>
    </a>
    <a
      className="pgn__hyperlink default-link standalone-link"
      href="http://localhost:18000/dashboard/programs/0c6e5fa2-96e8-40b2-9ebe-c8b0df2a3b22"
      onClick={[Function]}
      target="_self"
    >
      <div
        className="bg-light-200 p-3 pgn__card pgn__card-light card"
        tabIndex={-1}
      >
        <div
          className="section flex-column-reverse flex-sm-row align-items-start align-items-sm-center"
        >
          <h3
            className="text-info-500 m-0"
          >
            Critical Thinking
          </h3>
          <span
            className="text-capitalize badge badge-light"
          >
            active
          </span>
        </div>
        <p
          className="small text-gray-500 m-0"
        >
          Simmons University
        </p>
      </div>
    </a>
    <a
      className="pgn__hyperlink default-link standalone-link"
      href="http://localhost:18000/dashboard/programs/a87e5eac-3c93-45a1-a8e1-4c79ca8401c8"
      onClick={[Function]}
      target="_self"
    >
      <div
        className="bg-light-200 p-3 pgn__card pgn__card-light card"
        tabIndex={-1}
      >
        <div
          className="section flex-column-reverse flex-sm-row align-items-start align-items-sm-center"
        >
          <h3
            className="text-info-500 m-0"
          >
            Blockchain Fundamentals
          </h3>
          <span
            className="text-capitalize badge badge-light"
          >
            inactive
          </span>
        </div>
        <p
          className="small text-gray-500 m-0"
        >
          University of California, Berkeley
        </p>
      </div>
    </a>
    <a
      className="pgn__hyperlink default-link standalone-link"
      href="http://localhost:18000/dashboard/programs/0c6e5fa2-96e8-40b2-9ebe-c8b0df2a3b22"
      onClick={[Function]}
      target="_self"
    >
      <div
        className="bg-light-200 p-3 pgn__card pgn__card-light card"
        tabIndex={-1}
      >
        <div
          className="section flex-column-reverse flex-sm-row align-items-start align-items-sm-center"
        >
          <h3
            className="text-info-500 m-0"
          >
            Critical Thinking
          </h3>
          <span
            className="text-capitalize badge badge-light"
          >
            inactive
          </span>
        </div>
        <p
          className="small text-gray-500 m-0"
        >
          Simmons University
        </p>
      </div>
    </a>
  </div>
</section>
`;
